[external.html]
[backblue.gif]
[fade.gif]
[index.html]
[supercell.com/index.html]
[supercell.com/'/en/'.html]
[cdn.supercell.com/supercell.com/200703105203/supercell.com/files/og_mainpage.png]
[cdn.supercell.com/supercell.com/200703105203/supercell.com/files/twitter_mainpage.png]
[cdn.supercell.com/brand/favicon/apple-touch-icon.png]
[cdn.supercell.com/brand/favicon/favicon-32x32.png]
[cdn.supercell.com/brand/favicon/favicon-16x16.png]
[cdn.supercell.com/supercell.com/200703105203/all/themes/supercell/js/modernizr.custom.26255.js]
[cdn.supercell.com/supercell.com/200703105203/supercell.com/files/styles/hero_image_narrow/public/bg_hero_frontpage13ba.jpg]
[cdn.supercell.com/supercell.com/200703105203/supercell.com/files/styles/hero_image_narrow/public/news_thumbnail_brawleveryone0f41.jpg]
[cdn.supercell.com/supercell.com/200703105203/supercell.com/files/styles/hero_image_narrow/public/supercell_10y_keyart_supercell_newsarticle_hero_1500x1130pxfc39.jpg]
[cdn.supercell.com/supercell.com/200703105203/supercell.com/files/styles/hero_image_narrow/public/news_thumbnail_haydaypopbbetaa661.jpg]
[cdn.supercell.com/supercell.com/200703105203/supercell.com/files/styles/hero_image_narrow/public/news_thumbnail_supercellid7faa.jpg]
[cdn.supercell.com/supercell.com/200703105203/supercell.com/files/fp_wmg_brawlstars.png]
[ajax.googleapis.com/ajax/libs/jquery/1.8.3/jquery.min.js]
[cdn.supercell.com/supercell.com/200703105203/all/modules/contrib/jquery_update/replace/jquery/1.8/jquery.min.js]
[cdn.supercell.com/supercell.com/200703105203/supercell.com/files/js/js_yTCa2RXav55fVNI_wUwf2R5swXmxn0IT6bcBEfF4qXQ.js]
[cdn.supercell.com/supercell.com/200703105203/supercell.com/files/js/js_lItpVUNZmIizHYk40_jeVxtOsARiWx7dgRpHZRCJv3A.js]
[supercell.com/en/index.html]
[cdn.supercell.com/supercell.com/200703105203/supercell.com/files/css/css_Zs9bCoTHqpM1FxMpZFAb6_7IC2hkp6-Xhq8lRWaUzFQ.css]
[supercell.com/en/our-story/index.html]
[supercell.com/en/games/index.html]
[supercell.com/en/games/hayday/index.html]
[supercell.com/en/games/clashofclans/index.html]
[supercell.com/en/games/boombeach/index.html]
[supercell.com/en/games/clashroyale/index.html]
[supercell.com/en/games/brawlstars/index.html]
[supercell.com/en/careers/index.html]
[supercell.com/en/careers/why-you-might-love-it-here/index.html]
[supercell.com/en/careers/our-offices/index.html]
[supercell.com/en/careers/living-helsinki/index.html]
[supercell.com/en/careers/joining-supercell/index.html]
[supercell.com/en/support/index.html]
[supercell.com/en/safe-fair-play/index.html]
[supercell.com/en/s/index.html]
[supercell.com/en/supercell-id/index.html]
[supercell.com/en/news/introducing-brawl-stars-everyone/7458/index.html]
[supercell.com/en/news/10-learnings-10-years/7436/index.html]
[supercell.com/en/news/welcome-neighborhood/7250/index.html]
[supercell.com/en/news/supercell-id-never-lose-your-game/7102/index.html]
[supercell.com/en/news/index.html]
[supercell.com/en/for-media/index.html]
[supercell.com/en/terms-of-service/index.html]
[supercell.com/en/privacy-policy/index.html]
[supercell.com/en/parents/index.html]
[supercell.com/en/safe-and-fair-play/index.html]
[supercell.com/en/investments/index.html]
[cdn.supercell.com/supercell.com/200703105203/supercell.com/files/js/js_NtwpKAnSrErIcr0xxQI9COWpIAqvErPBpzFJO86eUtA.html]
